// Jest Snapshot v1, https://goo.gl/fbAQLP

exports[`openapi-to-typescript CLI should --help 1`] = `
"cli

Write generated output to a file

Commands:
  cli generate  Write generated output to a file                       [default]

Options:
      --help     Show help                                             [boolean]
      --version  Show version number                                   [boolean]
  -i, --input    File to read from                           [string] [required]
  -o, --output   Output name to write to                                [string]
  -s, --server   Server URL to use (defaults to the first one in the OpenAPI
                 spec)                                                  [string]
  -v, --verbose                                       [boolean] [default: false]"
`;
